[2024-12-09T19:23:17.173Z] [WARNING] Login attempt with invalid username: test
[2024-12-09T19:24:04.023Z] [WARNING] Login attempt with invalid username: test
[2024-12-09T19:24:06.865Z] [WARNING] Login attempt with invalid username: test
[2024-12-09T19:24:17.462Z] [WARNING] Registration attempt with existing username: tabn1506
[2024-12-09T19:24:21.541Z] [WARNING] Registration attempt with existing username: tabn1506
[2024-12-09T19:24:26.475Z] [WARNING] Registration attempt with existing username: tabn16
[2024-12-09T19:24:30.861Z] [SUCCESS] User registered: tabn17
[2024-12-09T19:24:42.761Z] [SUCCESS] User logged in: tabn17
[2024-12-09T20:35:20.800Z] [SUCCESS] User logged in: tabn16
[2024-12-09T20:47:37.753Z] [WARNING] Login attempt with invalid username: aa
[2024-12-09T20:47:54.762Z] [SUCCESS] User registered: tabn18
[2024-12-09T20:49:45.442Z] [SUCCESS] User logged in: tabn16
[2024-12-09T20:51:41.711Z] [SUCCESS] User logged in: tabn17
[2024-12-09T20:54:00.752Z] [SUCCESS] User logged in: tabn16
[2024-12-09T21:08:28.657Z] [SUCCESS] User logged in: tabn17
[2024-12-09T21:10:18.114Z] [SUCCESS] User logged in: tabn16
[2024-12-09T21:10:30.043Z] [SUCCESS] User logged in: tabn17
[2024-12-09T21:12:09.712Z] [SUCCESS] User logged in: tabn16
[2024-12-09T21:12:18.953Z] [SUCCESS] User logged in: tabn17
[2024-12-09T21:13:16.724Z] [SUCCESS] User logged in: tabn16
[2024-12-09T21:13:25.638Z] [SUCCESS] User logged in: tabn17
[2024-12-09T21:48:57.679Z] [SUCCESS] User logged in: tabn16
[2024-12-09T21:49:07.346Z] [SUCCESS] User logged in: tabn17
[2024-12-09T21:53:54.187Z] [SUCCESS] User logged in: tabn16
[2024-12-09T21:54:02.797Z] [SUCCESS] User logged in: tabn17
[2024-12-09T21:54:49.496Z] [SUCCESS] User logged in: tabn16
[2024-12-09T21:54:57.507Z] [SUCCESS] User logged in: tabn17
[2024-12-09T21:56:10.594Z] [SUCCESS] User logged in: tabn16
[2024-12-09T21:56:39.692Z] [SUCCESS] User logged in: tabn17
[2024-12-09T21:59:29.565Z] [SUCCESS] User logged in: tabn16
[2024-12-09T21:59:42.207Z] [SUCCESS] User logged in: tabn17
[2024-12-09T22:01:11.524Z] [SUCCESS] User logged in: tabn16
[2024-12-09T22:01:20.294Z] [SUCCESS] User logged in: tabn17
[2024-12-09T23:15:51.676Z] [SUCCESS] User logged in: tabn17
[2024-12-09T23:16:58.750Z] [SUCCESS] User logged in: tabn17
